// 同步 ID: 3bda7108 @ Mon Jul 27 04:10:55 UTC 2026
// 同步 ID: 272feeb3 @ Tue Jul 28 04:43:02 UTC 2026
// 重构日志: c59c87ed
// 同步 ID: 57815f92 @ Wed Jul 29 17:23:53 UTC 2026
// 重构日志: 67cd91cf
// 重构日志: efdedbbb
// 重构日志: 17da9857
// 同步 ID: 96873c89 @ Fri Jul 31 08:13:50 UTC 2026
// 重构日志: 8f723222
// 重构日志: 9f23186d
// 重构日志: 2e6bca19
// 重构日志: e4ecfc18
// 重构日志: 664d1757
// 同步 ID: 7cde9b06 @ Sat Aug  1 17:24:57 UTC 2026
// 重构日志: 4ffe160b
// 重构日志: 155f4fcf
// 重构日志: 4ced1919
// 同步 ID: 2112160b @ Tue Aug  4 04:09:46 UTC 2026
// 重构日志: e0ac508f
// 重构日志: 1ca9bfc9
// 重构日志: d8f1595c
// 同步 ID: 308ed24e @ Wed Aug  5 12:35:54 UTC 2026
// 重构日志: 9e205f01
// 重构日志: 0675178c
// 重构日志: e89eff15
// 同步 ID: 4ce6ff0a @ Fri Aug  7 12:31:19 UTC 2026
// 重构日志: a73d1b97
// 重构日志: cd7304ce
// 同步 ID: 32d8cc6b @ Fri Aug  7 21:24:45 UTC 2026
// 同步 ID: d0b0a1f1 @ Sat Aug  8 14:35:32 UTC 2026
